src/app/(public)/cart/page.tsx(73,47): error TS2339: Property 'id' does not exist on type 'ICartItem'.
src/app/(public)/cart/page.tsx(98,84): error TS2339: Property 'id' does not exist on type 'ICartItem'.
src/app/(public)/cart/page.tsx(108,88): error TS2339: Property 'id' does not exist on type 'ICartItem'.
src/app/(public)/cart/page.tsx(115,88): error TS2339: Property 'id' does not exist on type 'ICartItem'.
src/app/(public)/products/[id]/page.tsx(19,44): error TS2339: Property 'id' does not exist on type 'IProduct'.
src/components/modules/Admin/categories/CategoryForm.tsx(35,9): error TS2322: Type 'Resolver<{ name: string; colors: unknown; sizes: unknown; subCategories?: { title: string; items: unknown; }[] | undefined; }, any, { name: string; subCategories: { title: string; items: string[]; }[]; colors: string[]; sizes: string[]; }>' is not assignable to type 'Resolver<{ name: string; subCategories: { title: string; items: string[]; }[]; colors: string[]; sizes: string[]; }, any, { name: string; subCategories: { title: string; items: string[]; }[]; colors: string[]; sizes: string[]; }>'.
  Types of parameters 'options' and 'options' are incompatible.
    Type 'ResolverOptions<{ name: string; subCategories: { title: string; items: string[]; }[]; colors: string[]; sizes: string[]; }>' is not assignable to type 'ResolverOptions<{ name: string; colors: unknown; sizes: unknown; subCategories?: { title: string; items: unknown; }[] | undefined; }>'.
      Types of property 'names' are incompatible.
        Type 'string[] | undefined' is not assignable to type '("name" | "colors" | "sizes" | "subCategories")[] | undefined'.
          Type 'string[]' is not assignable to type '("name" | "colors" | "sizes" | "subCategories")[]'.
            Type 'string' is not assignable to type '"name" | "colors" | "sizes" | "subCategories"'.
src/components/modules/Admin/categories/CategoryForm.tsx(86,47): error TS2345: Argument of type '(data: FormValues) => Promise<void>' is not assignable to parameter of type 'SubmitHandler<TFieldValues>'.
  Types of parameters 'data' and 'data' are incompatible.
    Type 'TFieldValues' is not assignable to type '{ name: string; subCategories: { title: string; items: string[]; }[]; colors: string[]; sizes: string[]; }'.
      Type 'FieldValues' is missing the following properties from type '{ name: string; subCategories: { title: string; items: string[]; }[]; colors: string[]; sizes: string[]; }': name, subCategories, colors, sizes
src/components/modules/Admin/categories/CategoryForm.tsx(88,21): error TS2322: Type 'Control<{ name: string; subCategories: { title: string; items: string[]; }[]; colors: string[]; sizes: string[]; }, any, TFieldValues>' is not assignable to type 'Control<{ name: string; subCategories: { title: string; items: string[]; }[]; colors: string[]; sizes: string[]; }, any, { name: string; subCategories: { title: string; items: string[]; }[]; colors: string[]; sizes: string[]; }>'.
  The types of '_options.resolver' are incompatible between these types.
    Type 'Resolver<{ name: string; subCategories: { title: string; items: string[]; }[]; colors: string[]; sizes: string[]; }, any, TFieldValues> | undefined' is not assignable to type 'Resolver<{ name: string; subCategories: { title: string; items: string[]; }[]; colors: string[]; sizes: string[]; }, any, { name: string; subCategories: { title: string; items: string[]; }[]; colors: string[]; sizes: string[]; }> | undefined'.
      Type 'Resolver<{ name: string; subCategories: { title: string; items: string[]; }[]; colors: string[]; sizes: string[]; }, any, TFieldValues>' is not assignable to type 'Resolver<{ name: string; subCategories: { title: string; items: string[]; }[]; colors: string[]; sizes: string[]; }, any, { name: string; subCategories: { title: string; items: string[]; }[]; colors: string[]; sizes: string[]; }>'.
        Type 'ResolverResult<{ name: string; subCategories: { title: string; items: string[]; }[]; colors: string[]; sizes: string[]; }, TFieldValues> | Promise<ResolverResult<{ name: string; subCategories: { ...; }[]; colors: string[]; sizes: string[]; }, TFieldValues>>' is not assignable to type 'ResolverResult<{ name: string; subCategories: { title: string; items: string[]; }[]; colors: string[]; sizes: string[]; }, { name: string; subCategories: { title: string; items: string[]; }[]; colors: string[]; sizes: string[]; }> | Promise<...>'.
          Type 'ResolverSuccess<TFieldValues>' is not assignable to type 'ResolverResult<{ name: string; subCategories: { title: string; items: string[]; }[]; colors: string[]; sizes: string[]; }, { name: string; subCategories: { title: string; items: string[]; }[]; colors: string[]; sizes: string[]; }> | Promise<...>'.
            Type 'ResolverSuccess<TFieldValues>' is not assignable to type 'ResolverSuccess<{ name: string; subCategories: { title: string; items: string[]; }[]; colors: string[]; sizes: string[]; }>'.
              Type 'TFieldValues' is not assignable to type '{ name: string; subCategories: { title: string; items: string[]; }[]; colors: string[]; sizes: string[]; }'.
                Type 'FieldValues' is missing the following properties from type '{ name: string; subCategories: { title: string; items: string[]; }[]; colors: string[]; sizes: string[]; }': name, subCategories, colors, sizes
src/components/modules/Admin/categories/CategoryForm.tsx(103,25): error TS2322: Type 'Control<{ name: string; subCategories: { title: string; items: string[]; }[]; colors: string[]; sizes: string[]; }, any, TFieldValues>' is not assignable to type 'Control<{ name: string; subCategories: { title: string; items: string[]; }[]; colors: string[]; sizes: string[]; }, any, { name: string; subCategories: { title: string; items: string[]; }[]; colors: string[]; sizes: string[]; }>'.
  The types of '_options.resolver' are incompatible between these types.
    Type 'Resolver<{ name: string; subCategories: { title: string; items: string[]; }[]; colors: string[]; sizes: string[]; }, any, TFieldValues> | undefined' is not assignable to type 'Resolver<{ name: string; subCategories: { title: string; items: string[]; }[]; colors: string[]; sizes: string[]; }, any, { name: string; subCategories: { title: string; items: string[]; }[]; colors: string[]; sizes: string[]; }> | undefined'.
      Type 'Resolver<{ name: string; subCategories: { title: string; items: string[]; }[]; colors: string[]; sizes: string[]; }, any, TFieldValues>' is not assignable to type 'Resolver<{ name: string; subCategories: { title: string; items: string[]; }[]; colors: string[]; sizes: string[]; }, any, { name: string; subCategories: { title: string; items: string[]; }[]; colors: string[]; sizes: string[]; }>'.
        Type 'ResolverResult<{ name: string; subCategories: { title: string; items: string[]; }[]; colors: string[]; sizes: string[]; }, TFieldValues> | Promise<ResolverResult<{ name: string; subCategories: { ...; }[]; colors: string[]; sizes: string[]; }, TFieldValues>>' is not assignable to type 'ResolverResult<{ name: string; subCategories: { title: string; items: string[]; }[]; colors: string[]; sizes: string[]; }, { name: string; subCategories: { title: string; items: string[]; }[]; colors: string[]; sizes: string[]; }> | Promise<...>'.
          Type 'ResolverSuccess<TFieldValues>' is not assignable to type 'ResolverResult<{ name: string; subCategories: { title: string; items: string[]; }[]; colors: string[]; sizes: string[]; }, { name: string; subCategories: { title: string; items: string[]; }[]; colors: string[]; sizes: string[]; }> | Promise<...>'.
            Type 'ResolverSuccess<TFieldValues>' is not assignable to type 'ResolverSuccess<{ name: string; subCategories: { title: string; items: string[]; }[]; colors: string[]; sizes: string[]; }>'.
              Type 'TFieldValues' is not assignable to type '{ name: string; subCategories: { title: string; items: string[]; }[]; colors: string[]; sizes: string[]; }'.
                Type 'FieldValues' is missing the following properties from type '{ name: string; subCategories: { title: string; items: string[]; }[]; colors: string[]; sizes: string[]; }': name, subCategories, colors, sizes
src/components/modules/Admin/categories/CategoryForm.tsx(116,25): error TS2322: Type 'Control<{ name: string; subCategories: { title: string; items: string[]; }[]; colors: string[]; sizes: string[]; }, any, TFieldValues>' is not assignable to type 'Control<{ name: string; subCategories: { title: string; items: string[]; }[]; colors: string[]; sizes: string[]; }, any, { name: string; subCategories: { title: string; items: string[]; }[]; colors: string[]; sizes: string[]; }>'.
  The types of '_options.resolver' are incompatible between these types.
    Type 'Resolver<{ name: string; subCategories: { title: string; items: string[]; }[]; colors: string[]; sizes: string[]; }, any, TFieldValues> | undefined' is not assignable to type 'Resolver<{ name: string; subCategories: { title: string; items: string[]; }[]; colors: string[]; sizes: string[]; }, any, { name: string; subCategories: { title: string; items: string[]; }[]; colors: string[]; sizes: string[]; }> | undefined'.
      Type 'Resolver<{ name: string; subCategories: { title: string; items: string[]; }[]; colors: string[]; sizes: string[]; }, any, TFieldValues>' is not assignable to type 'Resolver<{ name: string; subCategories: { title: string; items: string[]; }[]; colors: string[]; sizes: string[]; }, any, { name: string; subCategories: { title: string; items: string[]; }[]; colors: string[]; sizes: string[]; }>'.
        Type 'ResolverResult<{ name: string; subCategories: { title: string; items: string[]; }[]; colors: string[]; sizes: string[]; }, TFieldValues> | Promise<ResolverResult<{ name: string; subCategories: { ...; }[]; colors: string[]; sizes: string[]; }, TFieldValues>>' is not assignable to type 'ResolverResult<{ name: string; subCategories: { title: string; items: string[]; }[]; colors: string[]; sizes: string[]; }, { name: string; subCategories: { title: string; items: string[]; }[]; colors: string[]; sizes: string[]; }> | Promise<...>'.
          Type 'ResolverSuccess<TFieldValues>' is not assignable to type 'ResolverResult<{ name: string; subCategories: { title: string; items: string[]; }[]; colors: string[]; sizes: string[]; }, { name: string; subCategories: { title: string; items: string[]; }[]; colors: string[]; sizes: string[]; }> | Promise<...>'.
            Type 'ResolverSuccess<TFieldValues>' is not assignable to type 'ResolverSuccess<{ name: string; subCategories: { title: string; items: string[]; }[]; colors: string[]; sizes: string[]; }>'.
              Type 'TFieldValues' is not assignable to type '{ name: string; subCategories: { title: string; items: string[]; }[]; colors: string[]; sizes: string[]; }'.
                Type 'FieldValues' is missing the following properties from type '{ name: string; subCategories: { title: string; items: string[]; }[]; colors: string[]; sizes: string[]; }': name, subCategories, colors, sizes
src/components/modules/Admin/categories/CategoryForm.tsx(147,41): error TS2322: Type 'Control<{ name: string; subCategories: { title: string; items: string[]; }[]; colors: string[]; sizes: string[]; }, any, TFieldValues>' is not assignable to type 'Control<{ name: string; subCategories: { title: string; items: string[]; }[]; colors: string[]; sizes: string[]; }, any, { name: string; subCategories: { title: string; items: string[]; }[]; colors: string[]; sizes: string[]; }>'.
  The types of '_options.resolver' are incompatible between these types.
    Type 'Resolver<{ name: string; subCategories: { title: string; items: string[]; }[]; colors: string[]; sizes: string[]; }, any, TFieldValues> | undefined' is not assignable to type 'Resolver<{ name: string; subCategories: { title: string; items: string[]; }[]; colors: string[]; sizes: string[]; }, any, { name: string; subCategories: { title: string; items: string[]; }[]; colors: string[]; sizes: string[]; }> | undefined'.
      Type 'Resolver<{ name: string; subCategories: { title: string; items: string[]; }[]; colors: string[]; sizes: string[]; }, any, TFieldValues>' is not assignable to type 'Resolver<{ name: string; subCategories: { title: string; items: string[]; }[]; colors: string[]; sizes: string[]; }, any, { name: string; subCategories: { title: string; items: string[]; }[]; colors: string[]; sizes: string[]; }>'.
        Type 'ResolverResult<{ name: string; subCategories: { title: string; items: string[]; }[]; colors: string[]; sizes: string[]; }, TFieldValues> | Promise<ResolverResult<{ name: string; subCategories: { ...; }[]; colors: string[]; sizes: string[]; }, TFieldValues>>' is not assignable to type 'ResolverResult<{ name: string; subCategories: { title: string; items: string[]; }[]; colors: string[]; sizes: string[]; }, { name: string; subCategories: { title: string; items: string[]; }[]; colors: string[]; sizes: string[]; }> | Promise<...>'.
          Type 'ResolverSuccess<TFieldValues>' is not assignable to type 'ResolverResult<{ name: string; subCategories: { title: string; items: string[]; }[]; colors: string[]; sizes: string[]; }, { name: string; subCategories: { title: string; items: string[]; }[]; colors: string[]; sizes: string[]; }> | Promise<...>'.
            Type 'ResolverSuccess<TFieldValues>' is not assignable to type 'ResolverSuccess<{ name: string; subCategories: { title: string; items: string[]; }[]; colors: string[]; sizes: string[]; }>'.
              Type 'TFieldValues' is not assignable to type '{ name: string; subCategories: { title: string; items: string[]; }[]; colors: string[]; sizes: string[]; }'.
                Type 'FieldValues' is missing the following properties from type '{ name: string; subCategories: { title: string; items: string[]; }[]; colors: string[]; sizes: string[]; }': name, subCategories, colors, sizes
src/components/modules/Admin/categories/CategoryForm.tsx(160,41): error TS2322: Type 'Control<{ name: string; subCategories: { title: string; items: string[]; }[]; colors: string[]; sizes: string[]; }, any, TFieldValues>' is not assignable to type 'Control<{ name: string; subCategories: { title: string; items: string[]; }[]; colors: string[]; sizes: string[]; }, any, { name: string; subCategories: { title: string; items: string[]; }[]; colors: string[]; sizes: string[]; }>'.
  The types of '_options.resolver' are incompatible between these types.
    Type 'Resolver<{ name: string; subCategories: { title: string; items: string[]; }[]; colors: string[]; sizes: string[]; }, any, TFieldValues> | undefined' is not assignable to type 'Resolver<{ name: string; subCategories: { title: string; items: string[]; }[]; colors: string[]; sizes: string[]; }, any, { name: string; subCategories: { title: string; items: string[]; }[]; colors: string[]; sizes: string[]; }> | undefined'.
      Type 'Resolver<{ name: string; subCategories: { title: string; items: string[]; }[]; colors: string[]; sizes: string[]; }, any, TFieldValues>' is not assignable to type 'Resolver<{ name: string; subCategories: { title: string; items: string[]; }[]; colors: string[]; sizes: string[]; }, any, { name: string; subCategories: { title: string; items: string[]; }[]; colors: string[]; sizes: string[]; }>'.
        Type 'ResolverResult<{ name: string; subCategories: { title: string; items: string[]; }[]; colors: string[]; sizes: string[]; }, TFieldValues> | Promise<ResolverResult<{ name: string; subCategories: { ...; }[]; colors: string[]; sizes: string[]; }, TFieldValues>>' is not assignable to type 'ResolverResult<{ name: string; subCategories: { title: string; items: string[]; }[]; colors: string[]; sizes: string[]; }, { name: string; subCategories: { title: string; items: string[]; }[]; colors: string[]; sizes: string[]; }> | Promise<...>'.
          Type 'ResolverSuccess<TFieldValues>' is not assignable to type 'ResolverResult<{ name: string; subCategories: { title: string; items: string[]; }[]; colors: string[]; sizes: string[]; }, { name: string; subCategories: { title: string; items: string[]; }[]; colors: string[]; sizes: string[]; }> | Promise<...>'.
            Type 'ResolverSuccess<TFieldValues>' is not assignable to type 'ResolverSuccess<{ name: string; subCategories: { title: string; items: string[]; }[]; colors: string[]; sizes: string[]; }>'.
              Type 'TFieldValues' is not assignable to type '{ name: string; subCategories: { title: string; items: string[]; }[]; colors: string[]; sizes: string[]; }'.
                Type 'FieldValues' is missing the following properties from type '{ name: string; subCategories: { title: string; items: string[]; }[]; colors: string[]; sizes: string[]; }': name, subCategories, colors, sizes
src/components/modules/Public/Home/FeaturedCard.tsx(8,25): error TS2307: Cannot find module '../Projects/ProjectCard' or its corresponding type declarations.
